------------------------------------------------------------
TimeQuest Timing Analyzer Summary
------------------------------------------------------------

Type  : Slow 1200mV 85C Model Setup 'Controlador_e:inst|en_count'
Slack : -4.750
TNS   : -4.750

Type  : Slow 1200mV 85C Model Setup 'clk_fpga'
Slack : -3.733
TNS   : -39.837

Type  : Slow 1200mV 85C Model Setup 'div_freq:inst5|clk_30KHz'
Slack : -1.695
TNS   : -16.513

Type  : Slow 1200mV 85C Model Hold 'div_freq:inst5|clk_30KHz'
Slack : 0.068
TNS   : 0.000

Type  : Slow 1200mV 85C Model Hold 'clk_fpga'
Slack : 0.156
TNS   : 0.000

Type  : Slow 1200mV 85C Model Hold 'Controlador_e:inst|en_count'
Slack : 3.425
TNS   : 0.000

Type  : Slow 1200mV 85C Model Minimum Pulse Width 'clk_fpga'
Slack : -3.000
TNS   : -20.844

Type  : Slow 1200mV 85C Model Minimum Pulse Width 'div_freq:inst5|clk_30KHz'
Slack : -1.487
TNS   : -25.279

Type  : Slow 1200mV 85C Model Minimum Pulse Width 'Controlador_e:inst|en_count'
Slack : 0.417
TNS   : 0.000

Type  : Slow 1200mV 0C Model Setup 'Controlador_e:inst|en_count'
Slack : -4.293
TNS   : -4.293

Type  : Slow 1200mV 0C Model Setup 'clk_fpga'
Slack : -3.345
TNS   : -35.310

Type  : Slow 1200mV 0C Model Setup 'div_freq:inst5|clk_30KHz'
Slack : -1.523
TNS   : -13.838

Type  : Slow 1200mV 0C Model Hold 'div_freq:inst5|clk_30KHz'
Slack : 0.198
TNS   : 0.000

Type  : Slow 1200mV 0C Model Hold 'clk_fpga'
Slack : 0.241
TNS   : 0.000

Type  : Slow 1200mV 0C Model Hold 'Controlador_e:inst|en_count'
Slack : 3.182
TNS   : 0.000

Type  : Slow 1200mV 0C Model Minimum Pulse Width 'clk_fpga'
Slack : -3.000
TNS   : -20.844

Type  : Slow 1200mV 0C Model Minimum Pulse Width 'div_freq:inst5|clk_30KHz'
Slack : -1.487
TNS   : -25.279

Type  : Slow 1200mV 0C Model Minimum Pulse Width 'Controlador_e:inst|en_count'
Slack : 0.433
TNS   : 0.000

Type  : Fast 1200mV 0C Model Setup 'Controlador_e:inst|en_count'
Slack : -1.787
TNS   : -1.787

Type  : Fast 1200mV 0C Model Setup 'clk_fpga'
Slack : -0.993
TNS   : -10.039

Type  : Fast 1200mV 0C Model Setup 'div_freq:inst5|clk_30KHz'
Slack : -0.073
TNS   : -0.111

Type  : Fast 1200mV 0C Model Hold 'div_freq:inst5|clk_30KHz'
Slack : -0.153
TNS   : -1.177

Type  : Fast 1200mV 0C Model Hold 'clk_fpga'
Slack : -0.063
TNS   : -0.063

Type  : Fast 1200mV 0C Model Hold 'Controlador_e:inst|en_count'
Slack : 1.776
TNS   : 0.000

Type  : Fast 1200mV 0C Model Minimum Pulse Width 'clk_fpga'
Slack : -3.000
TNS   : -15.834

Type  : Fast 1200mV 0C Model Minimum Pulse Width 'div_freq:inst5|clk_30KHz'
Slack : -1.000
TNS   : -17.000

Type  : Fast 1200mV 0C Model Minimum Pulse Width 'Controlador_e:inst|en_count'
Slack : 0.452
TNS   : 0.000

------------------------------------------------------------
