------------------------------------------------------------
TimeQuest Timing Analyzer Summary
------------------------------------------------------------

Type  : Slow 1200mV 85C Model Setup 'clk_fpga'
Slack : -3.028
TNS   : -75.595

Type  : Slow 1200mV 85C Model Setup 'div_freq:b2v_inst5|clk_1KHz'
Slack : -1.680
TNS   : -15.483

Type  : Slow 1200mV 85C Model Setup 'div_freq:b2v_inst5|clk_30KHz'
Slack : -1.002
TNS   : -3.702

Type  : Slow 1200mV 85C Model Hold 'clk_fpga'
Slack : -0.117
TNS   : -0.145

Type  : Slow 1200mV 85C Model Hold 'div_freq:b2v_inst5|clk_1KHz'
Slack : 0.356
TNS   : 0.000

Type  : Slow 1200mV 85C Model Hold 'div_freq:b2v_inst5|clk_30KHz'
Slack : 0.357
TNS   : 0.000

Type  : Slow 1200mV 85C Model Minimum Pulse Width 'clk_fpga'
Slack : -3.000
TNS   : -32.000

Type  : Slow 1200mV 85C Model Minimum Pulse Width 'div_freq:b2v_inst5|clk_1KHz'
Slack : -1.000
TNS   : -11.000

Type  : Slow 1200mV 85C Model Minimum Pulse Width 'div_freq:b2v_inst5|clk_30KHz'
Slack : -1.000
TNS   : -7.000

Type  : Slow 1200mV 0C Model Setup 'clk_fpga'
Slack : -2.596
TNS   : -64.349

Type  : Slow 1200mV 0C Model Setup 'div_freq:b2v_inst5|clk_1KHz'
Slack : -1.424
TNS   : -12.766

Type  : Slow 1200mV 0C Model Setup 'div_freq:b2v_inst5|clk_30KHz'
Slack : -0.808
TNS   : -2.705

Type  : Slow 1200mV 0C Model Hold 'clk_fpga'
Slack : -0.075
TNS   : -0.086

Type  : Slow 1200mV 0C Model Hold 'div_freq:b2v_inst5|clk_1KHz'
Slack : 0.311
TNS   : 0.000

Type  : Slow 1200mV 0C Model Hold 'div_freq:b2v_inst5|clk_30KHz'
Slack : 0.311
TNS   : 0.000

Type  : Slow 1200mV 0C Model Minimum Pulse Width 'clk_fpga'
Slack : -3.000
TNS   : -32.000

Type  : Slow 1200mV 0C Model Minimum Pulse Width 'div_freq:b2v_inst5|clk_1KHz'
Slack : -1.000
TNS   : -11.000

Type  : Slow 1200mV 0C Model Minimum Pulse Width 'div_freq:b2v_inst5|clk_30KHz'
Slack : -1.000
TNS   : -7.000

Type  : Fast 1200mV 0C Model Setup 'clk_fpga'
Slack : -1.232
TNS   : -29.053

Type  : Fast 1200mV 0C Model Setup 'div_freq:b2v_inst5|clk_1KHz'
Slack : -0.500
TNS   : -3.684

Type  : Fast 1200mV 0C Model Setup 'div_freq:b2v_inst5|clk_30KHz'
Slack : -0.089
TNS   : -0.133

Type  : Fast 1200mV 0C Model Hold 'clk_fpga'
Slack : -0.140
TNS   : -0.255

Type  : Fast 1200mV 0C Model Hold 'div_freq:b2v_inst5|clk_1KHz'
Slack : 0.186
TNS   : 0.000

Type  : Fast 1200mV 0C Model Hold 'div_freq:b2v_inst5|clk_30KHz'
Slack : 0.186
TNS   : 0.000

Type  : Fast 1200mV 0C Model Minimum Pulse Width 'clk_fpga'
Slack : -3.000
TNS   : -34.046

Type  : Fast 1200mV 0C Model Minimum Pulse Width 'div_freq:b2v_inst5|clk_1KHz'
Slack : -1.000
TNS   : -11.000

Type  : Fast 1200mV 0C Model Minimum Pulse Width 'div_freq:b2v_inst5|clk_30KHz'
Slack : -1.000
TNS   : -7.000

------------------------------------------------------------
